Assuming unrestricted shared filesystem usage.
None
host: Niklauss-MacBook-Pro.local
Building DAG of jobs...
Using shell: /bin/bash
Provided cores: 1 (use --cores to define parallelism)
Rules claiming more threads will be scaled down.
Job stats:
job             count
------------  -------
all                 1
process_case        1
total               2

Select jobs to execute...
Execute 1 jobs...
[Tue May  6 15:37:37 2025]
localrule process_case:
    input: /Users/nik/Documents/projects/2025_IonTrappingInCoatedSeparator_OSU_Collaboration/Data/raw_simulation_outputs/20250506_r_10nm_h_20nm_l_50nm_phiT_50/parameters.yml, /Users/nik/Documents/projects/2025_IonTrappingInCoatedSeparator_OSU_Collaboration/Data/raw_simulation_outputs/20250506_r_10nm_h_20nm_l_50nm_phiT_50/out.pvd
    output: /Users/nik/Documents/projects/2025_IonTrappingInCoatedSeparator_OSU_Collaboration/Data/postprocessing_outputs/20250506_r_10nm_h_20nm_l_50nm_phiT_50/with_additional_fields.vtu
    jobid: 1
    reason: Missing output files: /Users/nik/Documents/projects/2025_IonTrappingInCoatedSeparator_OSU_Collaboration/Data/postprocessing_outputs/20250506_r_10nm_h_20nm_l_50nm_phiT_50/with_additional_fields.vtu
    wildcards: postprocessing_folder=/Users/nik/Documents/projects/2025_IonTrappingInCoatedSeparator_OSU_Collaboration/Data/postprocessing_outputs, case=20250506_r_10nm_h_20nm_l_50nm_phiT_50
    resources: tmpdir=/var/folders/kj/t5ng7vn156s9gxcdwjt64fpw0000gn/T

WorkflowError in rule process_case in file "/Users/nik/Documents/projects/2025_IonTrappingInCoatedSeparator_OSU_Collaboration/Code/PNP/VoronoiFVM/Snakefile", line 13:
Output /Users/nik/Documents/projects/2025_IonTrappingInCoatedSeparator_OSU_Collaboration/Data/postprocessing_outputs/20250506_r_10nm_h_20nm_l_50nm_phiT_50/with_additional_fields.vtu has older modification time (2025-05-06 15:37:39.527519) than input /Users/nik/Documents/projects/2025_IonTrappingInCoatedSeparator_OSU_Collaboration/Data/raw_simulation_outputs/20250506_r_10nm_h_20nm_l_50nm_phiT_50/out.pvd (2025-05-06 18:48:04). This could indicate a clock skew problem in your network and would trigger a rerun of this job in the next execution and should therefore be fixed on system level. System time: 2025-05-06 15:37:39.527613 (rule process_case, line 22, /Users/nik/Documents/projects/2025_IonTrappingInCoatedSeparator_OSU_Collaboration/Code/PNP/VoronoiFVM/Snakefile)
Removing output files of failed job process_case since they might be corrupted:
/Users/nik/Documents/projects/2025_IonTrappingInCoatedSeparator_OSU_Collaboration/Data/postprocessing_outputs/20250506_r_10nm_h_20nm_l_50nm_phiT_50/with_additional_fields.vtu
Shutting down, this might take some time.
Exiting because a job execution failed. Look below for error messages
[Tue May  6 15:37:39 2025]
Error in rule process_case:
    message: None
    jobid: 1
    input: /Users/nik/Documents/projects/2025_IonTrappingInCoatedSeparator_OSU_Collaboration/Data/raw_simulation_outputs/20250506_r_10nm_h_20nm_l_50nm_phiT_50/parameters.yml, /Users/nik/Documents/projects/2025_IonTrappingInCoatedSeparator_OSU_Collaboration/Data/raw_simulation_outputs/20250506_r_10nm_h_20nm_l_50nm_phiT_50/out.pvd
    output: /Users/nik/Documents/projects/2025_IonTrappingInCoatedSeparator_OSU_Collaboration/Data/postprocessing_outputs/20250506_r_10nm_h_20nm_l_50nm_phiT_50/with_additional_fields.vtu
    shell:
        
        export PATH=/Applications/ParaView-5.13.2.app/Contents/bin:$PATH
        pvpython --venv /Users/nik/.pyenv/versions/paraview_3.10_env ./scripts/postprocessing/paraview_compute_fluxes.py /Users/nik/Documents/projects/2025_IonTrappingInCoatedSeparator_OSU_Collaboration/Data/raw_simulation_outputs/20250506_r_10nm_h_20nm_l_50nm_phiT_50/parameters.yml /Users/nik/Documents/projects/2025_IonTrappingInCoatedSeparator_OSU_Collaboration/Data/raw_simulation_outputs/20250506_r_10nm_h_20nm_l_50nm_phiT_50/out.pvd /Users/nik/Documents/projects/2025_IonTrappingInCoatedSeparator_OSU_Collaboration/Data/postprocessing_outputs/20250506_r_10nm_h_20nm_l_50nm_phiT_50/with_additional_fields.vtu
        
        (command exited with non-zero exit code)
Complete log(s): /Users/nik/Documents/projects/2025_IonTrappingInCoatedSeparator_OSU_Collaboration/Code/PNP/VoronoiFVM/.snakemake/log/2025-05-06T153737.694529.snakemake.log
WorkflowError:
At least one job did not complete successfully.
